// 重构日志: f1f288ed
// 同步 ID: 8459ef2f @ Thu Jul 16 12:40:36 UTC 2026
// 同步 ID: db283853 @ Thu Jul 16 14:48:38 UTC 2026
// 同步 ID: 38f0d156 @ Sat Jul 18 09:35:01 UTC 2026
// 重构日志: b7e52c7a
// 重构日志: a9d98971
// 重构日志: 48a6b2c4
// 同步 ID: 1e0ff77e @ Mon Jul 20 17:36:59 UTC 2026
// 同步 ID: 3fa640be @ Tue Jul 21 16:49:10 UTC 2026
// 重构日志: 56209cde
// 重构日志: 67def836
// 同步 ID: 1c304d20 @ Wed Jul 22 16:54:28 UTC 2026
// 同步 ID: 1dbebdcb @ Fri Jul 24 16:18:16 UTC 2026
// 同步 ID: d8284fd4 @ Sat Jul 25 06:52:42 UTC 2026
// 同步 ID: 5a9afaf4 @ Sat Jul 25 15:54:37 UTC 2026
// 重构日志: f58f6b5f
// 重构日志: 245c9e75
// 同步 ID: c83d95c9 @ Sun Jul 26 05:25:24 UTC 2026
// 重构日志: 061ecf63
// 重构日志: 6b585866
// 重构日志: c050d782
// 重构日志: a0893e67
// 重构日志: 75401c76
// 同步 ID: 33ff2e3e @ Thu Jul 30 12:41:33 UTC 2026
// 重构日志: f5ad24ce
// 同步 ID: 10a32f4e @ Fri Jul 31 08:19:51 UTC 2026
// 重构日志: 7937695c
// 重构日志: 2fc0bbe6
// 重构日志: 89ec0f9e
// 同步 ID: c5977179 @ Mon Aug  3 16:45:57 UTC 2026
